// Jest Snapshot v1, https://goo.gl/fbAQLP

exports[`ContributorDetails matches snapshot 1`] = `
<div
  className="contributor-detail"
>
  <div
    className="flex-main"
  >
    <div
      className="row"
    >
      <div
        className="col-md-5"
      >
        <Panel
          title="Dummy"
        >
          <div
            style={
              Object {
                "textAlign": "center",
              }
            }
          >
            <img
              alt="Avatar"
              src="zerotorescue-avatar.png"
              style={
                Object {
                  "borderRadius": "50%",
                  "marginTop": 20,
                  "maxHeight": 200,
                }
              }
            />
          </div>
          <div
            className="flex-main contributorlist"
          >
            <div
              className="row"
            >
              <div
                className="col-md-3"
              >
                <b>
                  GitHub:
                </b>
              </div>
              <div
                className="col-md-9"
              >
                <a
                  href="https://github.com/DummyHub"
                  rel="noopener noreferrer"
                  target="_blank"
                >
                  DummyHub
                </a>
              </div>
            </div>
          </div>
        </Panel>
      </div>
      <div
        className="col-md-7"
      >
        <Panel
          pad={false}
          title="Contributions"
        >
          <ul
            className="list"
          />
        </Panel>
      </div>
    </div>
  </div>
</div>
`;
