// Jest Snapshot v1, https://goo.gl/fbAQLP

exports[`BrewCDR should match the cdr snapshot 1`] = `0.2630088802883363`;
